[losses_m_hi voc0.1 s0] FocalBCE-m@lr0.03      last10 mAP=64.90 (6.0 min)
[losses_m_hi voc0.1 s0] ASL-m@lr0.03           last10 mAP=68.74 (6.1 min)
[losses_m_hi voc0.1 s0] DBLoss-m@lr0.03        last10 mAP=49.03 (5.9 min)
[losses_m_hi voc0.1 s0] FocalBCE-m@lr0.1       last10 mAP=54.50 (5.8 min)
[losses_m_hi voc0.1 s0] ASL-m@lr0.1            last10 mAP=68.79 (5.9 min)
[losses_m_hi voc0.1 s0] DBLoss-m@lr0.1         last10 mAP=28.64 (5.7 min)
[losses_m_hi voc0.1 s1] FocalBCE-m@lr0.03      last10 mAP=54.48 (5.5 min)
[losses_m_hi voc0.1 s1] ASL-m@lr0.03           last10 mAP=65.66 (5.7 min)
[losses_m_hi voc0.1 s1] DBLoss-m@lr0.03        last10 mAP=30.74 (5.7 min)
[losses_m_hi voc0.1 s1] FocalBCE-m@lr0.1       last10 mAP=25.59 (5.4 min)
[losses_m_hi voc0.1 s1] ASL-m@lr0.1            last10 mAP=53.34 (5.3 min)
[losses_m_hi voc0.1 s1] DBLoss-m@lr0.1         last10 mAP=15.95 (5.2 min)
[losses_m_hi voc0.1 s2] FocalBCE-m@lr0.03      last10 mAP=60.18 (5.2 min)
[losses_m_hi voc0.1 s2] ASL-m@lr0.03           last10 mAP=66.54 (5.3 min)
[losses_m_hi voc0.1 s2] DBLoss-m@lr0.03        last10 mAP=46.89 (5.3 min)
[losses_m_hi voc0.1 s2] FocalBCE-m@lr0.1       last10 mAP=36.83 (5.3 min)
[losses_m_hi voc0.1 s2] ASL-m@lr0.1            last10 mAP=64.16 (5.3 min)
[losses_m_hi voc0.1 s2] DBLoss-m@lr0.1         last10 mAP=27.02 (5.5 min)
[losses_m_hi coco0.1 s0] FocalBCE-m@lr0.03      last10 mAP=18.66 (4.6 min)
[losses_m_hi coco0.1 s0] ASL-m@lr0.03           last10 mAP=15.90 (4.5 min)
[losses_m_hi coco0.1 s0] DBLoss-m@lr0.03        last10 mAP=10.00 (4.7 min)
[losses_m_hi coco0.1 s0] FocalBCE-m@lr0.1       last10 mAP=20.56 (4.8 min)
[losses_m_hi coco0.1 s0] ASL-m@lr0.1            last10 mAP=22.12 (4.7 min)
[losses_m_hi coco0.1 s0] DBLoss-m@lr0.1         last10 mAP=12.21 (4.7 min)
[losses_m_hi coco0.1 s1] FocalBCE-m@lr0.03      last10 mAP=17.25 (4.7 min)
[losses_m_hi coco0.1 s1] ASL-m@lr0.03           last10 mAP=15.55 (4.8 min)
[losses_m_hi coco0.1 s1] DBLoss-m@lr0.03        last10 mAP= 8.44 (4.7 min)
[losses_m_hi coco0.1 s1] FocalBCE-m@lr0.1       last10 mAP=15.01 (4.6 min)
[losses_m_hi coco0.1 s1] ASL-m@lr0.1            last10 mAP=18.36 (4.4 min)
[losses_m_hi coco0.1 s1] DBLoss-m@lr0.1         last10 mAP= 8.08 (3.2 min)
[losses_m_hi coco0.1 s2] FocalBCE-m@lr0.03      last10 mAP=20.93 (3.0 min)
[losses_m_hi coco0.1 s2] ASL-m@lr0.03           last10 mAP=17.41 (3.1 min)
[losses_m_hi coco0.1 s2] DBLoss-m@lr0.03        last10 mAP=10.68 (3.1 min)
[losses_m_hi coco0.1 s2] FocalBCE-m@lr0.1       last10 mAP=21.23 (3.0 min)
[losses_m_hi coco0.1 s2] ASL-m@lr0.1            last10 mAP=23.38 (3.0 min)
[losses_m_hi coco0.1 s2] DBLoss-m@lr0.1         last10 mAP=12.49 (3.1 min)
REVISION_GROUP_DONE losses_m_hi
