[losses_m_hi voc0.5 s0] FocalBCE-m@lr0.03      last10 mAP=60.56 (6.0 min)
[losses_m_hi voc0.5 s0] ASL-m@lr0.03           last10 mAP=70.49 (6.1 min)
[losses_m_hi voc0.5 s0] DBLoss-m@lr0.03        last10 mAP=40.04 (5.9 min)
[losses_m_hi voc0.5 s0] FocalBCE-m@lr0.1       last10 mAP= 7.71 (5.8 min)
[losses_m_hi voc0.5 s0] ASL-m@lr0.1            last10 mAP=70.45 (6.0 min)
[losses_m_hi voc0.5 s0] DBLoss-m@lr0.1         last10 mAP=21.68 (5.8 min)
[losses_m_hi voc0.5 s1] FocalBCE-m@lr0.03      last10 mAP=52.62 (5.6 min)
[losses_m_hi voc0.5 s1] ASL-m@lr0.03           last10 mAP=65.34 (5.8 min)
[losses_m_hi voc0.5 s1] DBLoss-m@lr0.03        last10 mAP=34.27 (5.7 min)
[losses_m_hi voc0.5 s1] FocalBCE-m@lr0.1       last10 mAP=22.36 (5.5 min)
[losses_m_hi voc0.5 s1] ASL-m@lr0.1            last10 mAP=47.96 (5.4 min)
[losses_m_hi voc0.5 s1] DBLoss-m@lr0.1         last10 mAP=19.06 (5.3 min)
[losses_m_hi voc0.5 s2] FocalBCE-m@lr0.03      last10 mAP=61.10 (5.4 min)
[losses_m_hi voc0.5 s2] ASL-m@lr0.03           last10 mAP=68.81 (5.4 min)
[losses_m_hi voc0.5 s2] DBLoss-m@lr0.03        last10 mAP=43.06 (5.4 min)
[losses_m_hi voc0.5 s2] FocalBCE-m@lr0.1       last10 mAP=41.08 (5.3 min)
[losses_m_hi voc0.5 s2] ASL-m@lr0.1            last10 mAP=65.48 (5.4 min)
[losses_m_hi voc0.5 s2] DBLoss-m@lr0.1         last10 mAP=26.01 (5.5 min)
[losses_m_hi coco0.5 s0] FocalBCE-m@lr0.03      last10 mAP=16.92 (4.6 min)
[losses_m_hi coco0.5 s0] ASL-m@lr0.03           last10 mAP=15.05 (4.6 min)
[losses_m_hi coco0.5 s0] DBLoss-m@lr0.03        last10 mAP= 9.02 (4.7 min)
[losses_m_hi coco0.5 s0] FocalBCE-m@lr0.1       last10 mAP=19.71 (4.8 min)
[losses_m_hi coco0.5 s0] ASL-m@lr0.1            last10 mAP=20.88 (4.7 min)
[losses_m_hi coco0.5 s0] DBLoss-m@lr0.1         last10 mAP=11.13 (4.6 min)
[losses_m_hi coco0.5 s1] FocalBCE-m@lr0.03      last10 mAP=16.48 (4.8 min)
[losses_m_hi coco0.5 s1] ASL-m@lr0.03           last10 mAP=15.11 (4.8 min)
[losses_m_hi coco0.5 s1] DBLoss-m@lr0.03        last10 mAP= 8.04 (4.6 min)
[losses_m_hi coco0.5 s1] FocalBCE-m@lr0.1       last10 mAP=17.98 (4.5 min)
[losses_m_hi coco0.5 s1] ASL-m@lr0.1            last10 mAP=20.01 (4.0 min)
[losses_m_hi coco0.5 s1] DBLoss-m@lr0.1         last10 mAP=11.42 (3.1 min)
[losses_m_hi coco0.5 s2] FocalBCE-m@lr0.03      last10 mAP=17.35 (3.0 min)
[losses_m_hi coco0.5 s2] ASL-m@lr0.03           last10 mAP=13.32 (3.0 min)
[losses_m_hi coco0.5 s2] DBLoss-m@lr0.03        last10 mAP= 8.71 (3.0 min)
[losses_m_hi coco0.5 s2] FocalBCE-m@lr0.1       last10 mAP=18.66 (2.9 min)
[losses_m_hi coco0.5 s2] ASL-m@lr0.1            last10 mAP=19.93 (2.9 min)
[losses_m_hi coco0.5 s2] DBLoss-m@lr0.1         last10 mAP=10.34 (2.9 min)
REVISION_GROUP_DONE losses_m_hi
