[losses_hi voc0.1 s0] WBCE@lr0.03            last10 mAP= 7.71 (6.0 min)
[losses_hi voc0.1 s0] FedAvg@lr0.03          last10 mAP=70.15 (6.0 min)
[losses_hi voc0.1 s0] BalBCE@lr0.03          last10 mAP=67.18 (8.3 min)
[losses_hi voc0.1 s1] WBCE@lr0.03            last10 mAP= 7.71 (5.6 min)
[losses_hi voc0.1 s1] FedAvg@lr0.03          last10 mAP=65.54 (5.6 min)
[losses_hi voc0.1 s1] BalBCE@lr0.03          last10 mAP= 7.71 (7.6 min)
[losses_hi voc0.1 s2] WBCE@lr0.03            last10 mAP= 7.71 (5.7 min)
[losses_hi voc0.1 s2] FedAvg@lr0.03          last10 mAP=67.69 (5.7 min)
[losses_hi voc0.1 s2] BalBCE@lr0.03          last10 mAP= 7.71 (7.6 min)
[losses_hi coco0.1 s0] WBCE@lr0.03            last10 mAP=39.92 (4.9 min)
[losses_hi coco0.1 s0] FedAvg@lr0.03          last10 mAP=26.62 (4.8 min)
[losses_hi coco0.1 s0] BalBCE@lr0.03          last10 mAP=42.37 (6.9 min)
[losses_hi coco0.1 s1] WBCE@lr0.03            last10 mAP= 3.77 (4.8 min)
[losses_hi coco0.1 s1] FedAvg@lr0.03          last10 mAP=21.80 (4.8 min)
[losses_hi coco0.1 s1] BalBCE@lr0.03          last10 mAP=41.46 (6.9 min)
[losses_hi coco0.1 s2] WBCE@lr0.03            last10 mAP=39.44 (4.7 min)
[losses_hi coco0.1 s2] FedAvg@lr0.03          last10 mAP=29.59 (4.8 min)
[losses_hi coco0.1 s2] BalBCE@lr0.03          last10 mAP=41.80 (6.5 min)
[losses_hi voc0.5 s0] WBCE@lr0.03            last10 mAP= 7.71 (5.4 min)
[losses_hi voc0.5 s0] FedAvg@lr0.03          last10 mAP=69.43 (5.4 min)
[losses_hi voc0.5 s0] BalBCE@lr0.03          last10 mAP=72.54 (7.5 min)
[losses_hi voc0.5 s1] WBCE@lr0.03            last10 mAP= 7.71 (5.3 min)
[losses_hi voc0.5 s1] FedAvg@lr0.03          last10 mAP=69.64 (5.5 min)
[losses_hi voc0.5 s1] BalBCE@lr0.03          last10 mAP= 7.71 (7.5 min)
[losses_hi voc0.5 s2] WBCE@lr0.03            last10 mAP=68.35 (5.2 min)
[losses_hi voc0.5 s2] FedAvg@lr0.03          last10 mAP=70.71 (3.8 min)
[losses_hi voc0.5 s2] BalBCE@lr0.03          last10 mAP=71.87 (4.7 min)
[losses_hi coco0.5 s0] WBCE@lr0.03            last10 mAP=43.08 (3.0 min)
[losses_hi coco0.5 s0] FedAvg@lr0.03          last10 mAP=26.27 (3.0 min)
[losses_hi coco0.5 s0] BalBCE@lr0.03          last10 mAP=42.97 (4.1 min)
[losses_hi coco0.5 s1] WBCE@lr0.03            last10 mAP=41.16 (3.1 min)
[losses_hi coco0.5 s1] FedAvg@lr0.03          last10 mAP=23.64 (1.9 min)
[losses_hi coco0.5 s1] BalBCE@lr0.03          last10 mAP=42.35 (1.9 min)
[losses_hi coco0.5 s2] WBCE@lr0.03            last10 mAP=44.01 (2.4 min)
[losses_hi coco0.5 s2] FedAvg@lr0.03          last10 mAP=26.83 (2.4 min)
[losses_hi coco0.5 s2] BalBCE@lr0.03          last10 mAP=43.55 (3.5 min)
REVISION_GROUP_DONE losses_hi
