[losses voc0.1 s0] FocalBCE@lr0.003       last10 mAP=63.62 (5.5 min)
[losses voc0.1 s0] ASL@lr0.003            last10 mAP=69.72 (5.7 min)
[losses voc0.1 s0] DBLoss@lr0.003         last10 mAP=42.64 (6.4 min)
[losses voc0.1 s0] WBCE@lr0.003           last10 mAP=66.81 (6.2 min)
[losses voc0.1 s0] FocalBCE@lr0.001       last10 mAP=64.30 (6.1 min)
[losses voc0.1 s0] ASL@lr0.001            last10 mAP=67.85 (6.2 min)
[losses voc0.1 s0] DBLoss@lr0.001         last10 mAP=50.85 (6.4 min)
[losses voc0.1 s0] WBCE@lr0.001           last10 mAP=63.44 (6.2 min)
[losses voc0.1 s0] FocalBCE@lr0.01        last10 mAP= 7.71 (6.2 min)
[losses voc0.1 s0] ASL@lr0.01             last10 mAP=52.97 (6.3 min)
[losses voc0.1 s0] DBLoss@lr0.01          last10 mAP= 7.71 (6.2 min)
[losses voc0.1 s0] WBCE@lr0.01            last10 mAP=65.90 (6.5 min)
[losses voc0.1 s1] FocalBCE@lr0.003       last10 mAP=40.26 (6.3 min)
[losses voc0.1 s1] ASL@lr0.003            last10 mAP=64.27 (6.0 min)
[losses voc0.1 s1] DBLoss@lr0.003         last10 mAP=23.85 (6.0 min)
[losses voc0.1 s1] WBCE@lr0.003           last10 mAP=66.59 (5.4 min)
[losses voc0.1 s1] FocalBCE@lr0.001       last10 mAP=53.48 (6.3 min)
[losses voc0.1 s1] ASL@lr0.001            last10 mAP=64.77 (6.2 min)
[losses voc0.1 s1] DBLoss@lr0.001         last10 mAP=37.01 (5.8 min)
[losses voc0.1 s1] WBCE@lr0.001           last10 mAP=62.92 (5.7 min)
[losses voc0.1 s1] FocalBCE@lr0.01        last10 mAP= 7.71 (5.7 min)
[losses voc0.1 s1] ASL@lr0.01             last10 mAP= 7.71 (5.7 min)
[losses voc0.1 s1] DBLoss@lr0.01          last10 mAP= 7.71 (5.9 min)
[losses voc0.1 s1] WBCE@lr0.01            last10 mAP=64.95 (7.0 min)
[losses voc0.1 s2] FocalBCE@lr0.003       last10 mAP=56.03 (6.8 min)
[losses voc0.1 s2] ASL@lr0.003            last10 mAP=67.79 (6.7 min)
[losses voc0.1 s2] DBLoss@lr0.003         last10 mAP=40.84 (6.6 min)
[losses voc0.1 s2] WBCE@lr0.003           last10 mAP=66.78 (6.3 min)
[losses voc0.1 s2] FocalBCE@lr0.001       last10 mAP=58.67 (6.9 min)
[losses voc0.1 s2] ASL@lr0.001            last10 mAP=64.92 (6.8 min)
[losses voc0.1 s2] DBLoss@lr0.001         last10 mAP=44.98 (6.5 min)
[losses voc0.1 s2] WBCE@lr0.001           last10 mAP=62.48 (6.3 min)
[losses voc0.1 s2] FocalBCE@lr0.01        last10 mAP= 7.71 (6.5 min)
[losses voc0.1 s2] ASL@lr0.01             last10 mAP=35.44 (6.4 min)
[losses voc0.1 s2] DBLoss@lr0.01          last10 mAP= 7.71 (6.4 min)
[losses voc0.1 s2] WBCE@lr0.01            last10 mAP=63.70 (6.6 min)
[losses coco0.1 s0] FocalBCE@lr0.003       last10 mAP= 3.77 (5.5 min)
[losses coco0.1 s0] ASL@lr0.003            last10 mAP=22.80 (5.7 min)
[losses coco0.1 s0] DBLoss@lr0.003         last10 mAP= 9.21 (5.6 min)
[losses coco0.1 s0] WBCE@lr0.003           last10 mAP=33.58 (5.6 min)
[losses coco0.1 s0] FocalBCE@lr0.001       last10 mAP=19.56 (5.2 min)
[losses coco0.1 s0] ASL@lr0.001            last10 mAP=21.09 (5.0 min)
[losses coco0.1 s0] DBLoss@lr0.001         last10 mAP=12.83 (5.4 min)
[losses coco0.1 s0] WBCE@lr0.001           last10 mAP=24.90 (5.0 min)
[losses coco0.1 s0] FocalBCE@lr0.01        last10 mAP= 3.77 (5.0 min)
[losses coco0.1 s0] ASL@lr0.01             last10 mAP= 3.77 (5.1 min)
[losses coco0.1 s0] DBLoss@lr0.01          last10 mAP= 3.77 (4.8 min)
[losses coco0.1 s0] WBCE@lr0.01            last10 mAP=39.24 (5.4 min)
[losses coco0.1 s1] FocalBCE@lr0.003       last10 mAP= 7.23 (5.4 min)
[losses coco0.1 s1] ASL@lr0.003            last10 mAP=14.92 (5.1 min)
[losses coco0.1 s1] DBLoss@lr0.003         last10 mAP= 6.15 (5.3 min)
[losses coco0.1 s1] WBCE@lr0.003           last10 mAP=32.55 (5.0 min)
[losses coco0.1 s1] FocalBCE@lr0.001       last10 mAP=18.11 (5.3 min)
[losses coco0.1 s1] ASL@lr0.001            last10 mAP=18.15 (5.8 min)
[losses coco0.1 s1] DBLoss@lr0.001         last10 mAP= 9.22 (5.5 min)
[losses coco0.1 s1] WBCE@lr0.001           last10 mAP=21.86 (5.6 min)
[losses coco0.1 s1] FocalBCE@lr0.01        last10 mAP= 3.77 (5.5 min)
[losses coco0.1 s1] ASL@lr0.01             last10 mAP= 3.77 (5.6 min)
[losses coco0.1 s1] DBLoss@lr0.01          last10 mAP= 3.77 (5.5 min)
[losses coco0.1 s1] WBCE@lr0.01            last10 mAP=38.16 (5.5 min)
[losses coco0.1 s2] FocalBCE@lr0.003       last10 mAP=13.44 (5.4 min)
[losses coco0.1 s2] ASL@lr0.003            last10 mAP=22.48 (5.4 min)
[losses coco0.1 s2] DBLoss@lr0.003         last10 mAP=10.88 (5.3 min)
[losses coco0.1 s2] WBCE@lr0.003           last10 mAP=35.44 (5.3 min)
[losses coco0.1 s2] FocalBCE@lr0.001       last10 mAP=21.86 (5.5 min)
[losses coco0.1 s2] ASL@lr0.001            last10 mAP=22.22 (5.5 min)
[losses coco0.1 s2] DBLoss@lr0.001         last10 mAP=12.58 (5.7 min)
[losses coco0.1 s2] WBCE@lr0.001           last10 mAP=26.61 (5.4 min)
[losses coco0.1 s2] FocalBCE@lr0.01        last10 mAP= 3.77 (5.2 min)
[losses coco0.1 s2] ASL@lr0.01             last10 mAP= 3.77 (5.2 min)
[losses coco0.1 s2] DBLoss@lr0.01          last10 mAP= 3.77 (5.1 min)
[losses coco0.1 s2] WBCE@lr0.01            last10 mAP=39.90 (5.2 min)
[losses voc0.5 s0] FocalBCE@lr0.003       last10 mAP=54.46 (6.1 min)
[losses voc0.5 s0] ASL@lr0.003            last10 mAP=71.88 (6.0 min)
[losses voc0.5 s0] DBLoss@lr0.003         last10 mAP=30.59 (6.1 min)
[losses voc0.5 s0] WBCE@lr0.003           last10 mAP=71.05 (5.9 min)
[losses voc0.5 s0] FocalBCE@lr0.001       last10 mAP=61.07 (6.1 min)
[losses voc0.5 s0] ASL@lr0.001            last10 mAP=69.10 (6.2 min)
[losses voc0.5 s0] DBLoss@lr0.001         last10 mAP=41.79 (6.3 min)
[losses voc0.5 s0] WBCE@lr0.001           last10 mAP=67.00 (6.0 min)
[losses voc0.5 s0] FocalBCE@lr0.01        last10 mAP= 7.71 (6.1 min)
[losses voc0.5 s0] ASL@lr0.01             last10 mAP= 7.71 (6.3 min)
[losses voc0.5 s0] DBLoss@lr0.01          last10 mAP= 7.71 (5.6 min)
[losses voc0.5 s0] WBCE@lr0.01            last10 mAP=72.16 (5.2 min)
[losses voc0.5 s1] FocalBCE@lr0.003       last10 mAP=40.13 (5.0 min)
[losses voc0.5 s1] ASL@lr0.003            last10 mAP=65.11 (5.1 min)
[losses voc0.5 s1] DBLoss@lr0.003         last10 mAP=26.02 (5.0 min)
[losses voc0.5 s1] WBCE@lr0.003           last10 mAP=70.58 (5.2 min)
[losses voc0.5 s1] FocalBCE@lr0.001       last10 mAP=52.26 (4.4 min)
[losses voc0.5 s1] ASL@lr0.001            last10 mAP=62.40 (3.7 min)
[losses voc0.5 s1] DBLoss@lr0.001         last10 mAP=35.93 (3.6 min)
[losses voc0.5 s1] WBCE@lr0.001           last10 mAP=66.08 (3.5 min)
[losses voc0.5 s1] FocalBCE@lr0.01        last10 mAP= 7.71 (3.4 min)
[losses voc0.5 s1] ASL@lr0.01             last10 mAP=24.48 (3.5 min)
[losses voc0.5 s1] DBLoss@lr0.01          last10 mAP= 7.71 (3.5 min)
[losses voc0.5 s1] WBCE@lr0.01            last10 mAP=71.88 (3.4 min)
[losses voc0.5 s2] FocalBCE@lr0.003       last10 mAP=47.36 (3.5 min)
[losses voc0.5 s2] ASL@lr0.003            last10 mAP=69.37 (3.4 min)
[losses voc0.5 s2] DBLoss@lr0.003         last10 mAP=32.73 (3.8 min)
[losses voc0.5 s2] WBCE@lr0.003           last10 mAP=70.67 (3.7 min)
[losses voc0.5 s2] FocalBCE@lr0.001       last10 mAP=61.01 (3.4 min)
[losses voc0.5 s2] ASL@lr0.001            last10 mAP=66.95 (3.7 min)
[losses voc0.5 s2] DBLoss@lr0.001         last10 mAP=44.28 (5.5 min)
[losses voc0.5 s2] WBCE@lr0.001           last10 mAP=66.35 (5.4 min)
[losses voc0.5 s2] FocalBCE@lr0.01        last10 mAP= 7.71 (5.3 min)
[losses voc0.5 s2] ASL@lr0.01             last10 mAP=44.59 (5.4 min)
[losses voc0.5 s2] DBLoss@lr0.01          last10 mAP= 7.71 (5.5 min)
[losses voc0.5 s2] WBCE@lr0.01            last10 mAP=71.95 (5.4 min)
[losses coco0.5 s0] FocalBCE@lr0.003       last10 mAP=11.09 (4.6 min)
[losses coco0.5 s0] ASL@lr0.003            last10 mAP=18.85 (4.6 min)
[losses coco0.5 s0] DBLoss@lr0.003         last10 mAP= 8.33 (4.5 min)
[losses coco0.5 s0] WBCE@lr0.003           last10 mAP=36.81 (4.4 min)
[losses coco0.5 s0] FocalBCE@lr0.001       last10 mAP=20.12 (4.5 min)
[losses coco0.5 s0] ASL@lr0.001            last10 mAP=20.30 (4.4 min)
[losses coco0.5 s0] DBLoss@lr0.001         last10 mAP=11.58 (4.7 min)
[losses coco0.5 s0] WBCE@lr0.001           last10 mAP=27.68 (4.5 min)
[losses coco0.5 s0] FocalBCE@lr0.01        last10 mAP= 3.77 (4.3 min)
[losses coco0.5 s0] ASL@lr0.01             last10 mAP= 3.77 (4.3 min)
[losses coco0.5 s0] DBLoss@lr0.01          last10 mAP= 3.77 (4.3 min)
[losses coco0.5 s0] WBCE@lr0.01            last10 mAP=42.52 (4.3 min)
[losses coco0.5 s1] FocalBCE@lr0.003       last10 mAP= 3.77 (4.4 min)
[losses coco0.5 s1] ASL@lr0.003            last10 mAP=18.47 (4.4 min)
[losses coco0.5 s1] DBLoss@lr0.003         last10 mAP= 6.29 (4.4 min)
[losses coco0.5 s1] WBCE@lr0.003           last10 mAP=35.63 (4.4 min)
[losses coco0.5 s1] FocalBCE@lr0.001       last10 mAP=18.25 (4.7 min)
[losses coco0.5 s1] ASL@lr0.001            last10 mAP=19.79 (4.7 min)
[losses coco0.5 s1] DBLoss@lr0.001         last10 mAP=11.16 (4.7 min)
[losses coco0.5 s1] WBCE@lr0.001           last10 mAP=24.71 (4.7 min)
[losses coco0.5 s1] FocalBCE@lr0.01        last10 mAP= 3.77 (4.7 min)
[losses coco0.5 s1] ASL@lr0.01             last10 mAP= 3.76 (4.6 min)
[losses coco0.5 s1] DBLoss@lr0.01          last10 mAP= 3.77 (4.1 min)
[losses coco0.5 s1] WBCE@lr0.01            last10 mAP=40.98 (3.2 min)
[losses coco0.5 s2] FocalBCE@lr0.003       last10 mAP= 3.77 (3.0 min)
[losses coco0.5 s2] ASL@lr0.003            last10 mAP=19.23 (3.1 min)
[losses coco0.5 s2] DBLoss@lr0.003         last10 mAP= 8.56 (3.1 min)
[losses coco0.5 s2] WBCE@lr0.003           last10 mAP=36.87 (3.1 min)
[losses coco0.5 s2] FocalBCE@lr0.001       last10 mAP=21.21 (3.1 min)
[losses coco0.5 s2] ASL@lr0.001            last10 mAP=18.86 (3.1 min)
[losses coco0.5 s2] DBLoss@lr0.001         last10 mAP=10.97 (2.6 min)
[losses coco0.5 s2] WBCE@lr0.001           last10 mAP=26.99 (2.5 min)
[losses coco0.5 s2] FocalBCE@lr0.01        last10 mAP= 3.77 (2.5 min)
[losses coco0.5 s2] ASL@lr0.01             last10 mAP= 3.77 (2.5 min)
[losses coco0.5 s2] DBLoss@lr0.01          last10 mAP= 3.77 (2.5 min)
[losses coco0.5 s2] WBCE@lr0.01            last10 mAP=42.70 (2.5 min)
REVISION_GROUP_DONE losses
